2026-08-12 13:45:57 [ERROR] Unable to start server: getaddrinfo ENOTFOUND ep-purple-leaf-axfm631o-pooler.c-4.us-east-2.aws.neon.tech {"name":"SequelizeHostNotFoundError","parent":{"errno":-3008,"code":"ENOTFOUND","syscall":"getaddrinfo","hostname":"ep-purple-leaf-axfm631o-pooler.c-4.us-east-2.aws.neon.tech"},"original":{"errno":-3008,"code":"ENOTFOUND","syscall":"getaddrinfo","hostname":"ep-purple-leaf-axfm631o-pooler.c-4.us-east-2.aws.neon.tech"}}
SequelizeHostNotFoundError: getaddrinfo ENOTFOUND ep-purple-leaf-axfm631o-pooler.c-4.us-east-2.aws.neon.tech
    at Client._connectionCallback (C:\Users\Sakshi\OneDrive\Desktop\ERP_application\backend\node_modules\sequelize\lib\dialects\postgres\connection-manager.js:136:24)
    at Client._handleErrorWhileConnecting (C:\Users\Sakshi\OneDrive\Desktop\ERP_application\backend\node_modules\pg\lib\client.js:403:19)
    at Client._handleErrorEvent (C:\Users\Sakshi\OneDrive\Desktop\ERP_application\backend\node_modules\pg\lib\client.js:413:19)
    at Connection.emit (node:events:508:28)
    at Socket.reportStreamError (C:\Users\Sakshi\OneDrive\Desktop\ERP_application\backend\node_modules\pg\lib\connection.js:58:12)
    at Socket.emit (node:events:508:28)
    at emitErrorNT (node:internal/streams/destroy:170:8)
    at emitErrorCloseNT (node:internal/streams/destroy:129:3)
    at process.processTicksAndRejections (node:internal/process/task_queues:89:21)
2026-08-12 13:46:34 [ERROR] Unable to start server: getaddrinfo ENOTFOUND ep-purple-leaf-axfm631o-pooler.c-4.us-east-2.aws.neon.tech {"name":"SequelizeHostNotFoundError","parent":{"errno":-3008,"code":"ENOTFOUND","syscall":"getaddrinfo","hostname":"ep-purple-leaf-axfm631o-pooler.c-4.us-east-2.aws.neon.tech"},"original":{"errno":-3008,"code":"ENOTFOUND","syscall":"getaddrinfo","hostname":"ep-purple-leaf-axfm631o-pooler.c-4.us-east-2.aws.neon.tech"}}
SequelizeHostNotFoundError: getaddrinfo ENOTFOUND ep-purple-leaf-axfm631o-pooler.c-4.us-east-2.aws.neon.tech
    at Client._connectionCallback (C:\Users\Sakshi\OneDrive\Desktop\ERP_application\backend\node_modules\sequelize\lib\dialects\postgres\connection-manager.js:136:24)
    at Client._handleErrorWhileConnecting (C:\Users\Sakshi\OneDrive\Desktop\ERP_application\backend\node_modules\pg\lib\client.js:403:19)
    at Client._handleErrorEvent (C:\Users\Sakshi\OneDrive\Desktop\ERP_application\backend\node_modules\pg\lib\client.js:413:19)
    at Connection.emit (node:events:508:28)
    at Socket.reportStreamError (C:\Users\Sakshi\OneDrive\Desktop\ERP_application\backend\node_modules\pg\lib\connection.js:58:12)
    at Socket.emit (node:events:508:28)
    at emitErrorNT (node:internal/streams/destroy:170:8)
    at emitErrorCloseNT (node:internal/streams/destroy:129:3)
    at process.processTicksAndRejections (node:internal/process/task_queues:89:21)
2026-08-12 13:51:34 [ERROR] Unable to start server: getaddrinfo ENOTFOUND ep-purple-leaf-axfm631o-pooler.c-4.us-east-2.aws.neon.tech {"name":"SequelizeHostNotFoundError","parent":{"errno":-3008,"code":"ENOTFOUND","syscall":"getaddrinfo","hostname":"ep-purple-leaf-axfm631o-pooler.c-4.us-east-2.aws.neon.tech"},"original":{"errno":-3008,"code":"ENOTFOUND","syscall":"getaddrinfo","hostname":"ep-purple-leaf-axfm631o-pooler.c-4.us-east-2.aws.neon.tech"}}
SequelizeHostNotFoundError: getaddrinfo ENOTFOUND ep-purple-leaf-axfm631o-pooler.c-4.us-east-2.aws.neon.tech
    at Client._connectionCallback (C:\Users\Sakshi\OneDrive\Desktop\ERP_application\backend\node_modules\sequelize\lib\dialects\postgres\connection-manager.js:136:24)
    at Client._handleErrorWhileConnecting (C:\Users\Sakshi\OneDrive\Desktop\ERP_application\backend\node_modules\pg\lib\client.js:403:19)
    at Client._handleErrorEvent (C:\Users\Sakshi\OneDrive\Desktop\ERP_application\backend\node_modules\pg\lib\client.js:413:19)
    at Connection.emit (node:events:508:28)
    at Socket.reportStreamError (C:\Users\Sakshi\OneDrive\Desktop\ERP_application\backend\node_modules\pg\lib\connection.js:58:12)
    at Socket.emit (node:events:508:28)
    at emitErrorNT (node:internal/streams/destroy:170:8)
    at emitErrorCloseNT (node:internal/streams/destroy:129:3)
    at process.processTicksAndRejections (node:internal/process/task_queues:89:21)
2026-08-12 13:55:31 [ERROR] Unable to start server: getaddrinfo ENOTFOUND ep-purple-leaf-axfm631o-pooler.c-4.us-east-2.aws.neon.tech {"name":"SequelizeHostNotFoundError","parent":{"errno":-3008,"code":"ENOTFOUND","syscall":"getaddrinfo","hostname":"ep-purple-leaf-axfm631o-pooler.c-4.us-east-2.aws.neon.tech"},"original":{"errno":-3008,"code":"ENOTFOUND","syscall":"getaddrinfo","hostname":"ep-purple-leaf-axfm631o-pooler.c-4.us-east-2.aws.neon.tech"}}
SequelizeHostNotFoundError: getaddrinfo ENOTFOUND ep-purple-leaf-axfm631o-pooler.c-4.us-east-2.aws.neon.tech
    at Client._connectionCallback (C:\Users\Sakshi\OneDrive\Desktop\ERP_application\backend\node_modules\sequelize\lib\dialects\postgres\connection-manager.js:136:24)
    at Client._handleErrorWhileConnecting (C:\Users\Sakshi\OneDrive\Desktop\ERP_application\backend\node_modules\pg\lib\client.js:403:19)
    at Client._handleErrorEvent (C:\Users\Sakshi\OneDrive\Desktop\ERP_application\backend\node_modules\pg\lib\client.js:413:19)
    at Connection.emit (node:events:508:28)
    at Socket.reportStreamError (C:\Users\Sakshi\OneDrive\Desktop\ERP_application\backend\node_modules\pg\lib\connection.js:58:12)
    at Socket.emit (node:events:508:28)
    at emitErrorNT (node:internal/streams/destroy:170:8)
    at emitErrorCloseNT (node:internal/streams/destroy:129:3)
    at process.processTicksAndRejections (node:internal/process/task_queues:89:21)
2026-08-12 14:04:52 [ERROR] Unable to start server: getaddrinfo ENOTFOUND ep-purple-leaf-axfm631o-pooler.c-4.us-east-2.aws.neon.tech {"name":"SequelizeHostNotFoundError","parent":{"errno":-3008,"code":"ENOTFOUND","syscall":"getaddrinfo","hostname":"ep-purple-leaf-axfm631o-pooler.c-4.us-east-2.aws.neon.tech"},"original":{"errno":-3008,"code":"ENOTFOUND","syscall":"getaddrinfo","hostname":"ep-purple-leaf-axfm631o-pooler.c-4.us-east-2.aws.neon.tech"}}
SequelizeHostNotFoundError: getaddrinfo ENOTFOUND ep-purple-leaf-axfm631o-pooler.c-4.us-east-2.aws.neon.tech
    at Client._connectionCallback (C:\Users\Sakshi\OneDrive\Desktop\ERP_application\backend\node_modules\sequelize\lib\dialects\postgres\connection-manager.js:136:24)
    at Client._handleErrorWhileConnecting (C:\Users\Sakshi\OneDrive\Desktop\ERP_application\backend\node_modules\pg\lib\client.js:403:19)
    at Client._handleErrorEvent (C:\Users\Sakshi\OneDrive\Desktop\ERP_application\backend\node_modules\pg\lib\client.js:413:19)
    at Connection.emit (node:events:508:28)
    at Socket.reportStreamError (C:\Users\Sakshi\OneDrive\Desktop\ERP_application\backend\node_modules\pg\lib\connection.js:58:12)
    at Socket.emit (node:events:508:28)
    at emitErrorNT (node:internal/streams/destroy:170:8)
    at emitErrorCloseNT (node:internal/streams/destroy:129:3)
    at process.processTicksAndRejections (node:internal/process/task_queues:89:21)
2026-08-12 14:05:47 [ERROR] Unable to start server: getaddrinfo ENOTFOUND ep-purple-leaf-axfm631o-pooler.c-4.us-east-2.aws.neon.tech {"name":"SequelizeHostNotFoundError","parent":{"errno":-3008,"code":"ENOTFOUND","syscall":"getaddrinfo","hostname":"ep-purple-leaf-axfm631o-pooler.c-4.us-east-2.aws.neon.tech"},"original":{"errno":-3008,"code":"ENOTFOUND","syscall":"getaddrinfo","hostname":"ep-purple-leaf-axfm631o-pooler.c-4.us-east-2.aws.neon.tech"}}
SequelizeHostNotFoundError: getaddrinfo ENOTFOUND ep-purple-leaf-axfm631o-pooler.c-4.us-east-2.aws.neon.tech
    at Client._connectionCallback (C:\Users\Sakshi\OneDrive\Desktop\ERP_application\backend\node_modules\sequelize\lib\dialects\postgres\connection-manager.js:136:24)
    at Client._handleErrorWhileConnecting (C:\Users\Sakshi\OneDrive\Desktop\ERP_application\backend\node_modules\pg\lib\client.js:403:19)
    at Client._handleErrorEvent (C:\Users\Sakshi\OneDrive\Desktop\ERP_application\backend\node_modules\pg\lib\client.js:413:19)
    at Connection.emit (node:events:508:28)
    at Socket.reportStreamError (C:\Users\Sakshi\OneDrive\Desktop\ERP_application\backend\node_modules\pg\lib\connection.js:58:12)
    at Socket.emit (node:events:508:28)
    at emitErrorNT (node:internal/streams/destroy:170:8)
    at emitErrorCloseNT (node:internal/streams/destroy:129:3)
    at process.processTicksAndRejections (node:internal/process/task_queues:89:21)
2026-08-12 14:08:06 [ERROR] Unable to start server: getaddrinfo ENOTFOUND ep-spring-cherry-ay2fxjdj-pooler.c-5.us-east-2.aws.neon.tech {"name":"SequelizeHostNotFoundError","parent":{"errno":-3008,"code":"ENOTFOUND","syscall":"getaddrinfo","hostname":"ep-spring-cherry-ay2fxjdj-pooler.c-5.us-east-2.aws.neon.tech"},"original":{"errno":-3008,"code":"ENOTFOUND","syscall":"getaddrinfo","hostname":"ep-spring-cherry-ay2fxjdj-pooler.c-5.us-east-2.aws.neon.tech"}}
SequelizeHostNotFoundError: getaddrinfo ENOTFOUND ep-spring-cherry-ay2fxjdj-pooler.c-5.us-east-2.aws.neon.tech
    at Client._connectionCallback (C:\Users\Sakshi\OneDrive\Desktop\ERP_application\backend\node_modules\sequelize\lib\dialects\postgres\connection-manager.js:136:24)
    at Client._handleErrorWhileConnecting (C:\Users\Sakshi\OneDrive\Desktop\ERP_application\backend\node_modules\pg\lib\client.js:403:19)
    at Client._handleErrorEvent (C:\Users\Sakshi\OneDrive\Desktop\ERP_application\backend\node_modules\pg\lib\client.js:413:19)
    at Connection.emit (node:events:508:28)
    at Socket.reportStreamError (C:\Users\Sakshi\OneDrive\Desktop\ERP_application\backend\node_modules\pg\lib\connection.js:58:12)
    at Socket.emit (node:events:508:28)
    at emitErrorNT (node:internal/streams/destroy:170:8)
    at emitErrorCloseNT (node:internal/streams/destroy:129:3)
    at process.processTicksAndRejections (node:internal/process/task_queues:89:21)
2026-08-12 14:10:26 [ERROR] Unable to start server: getaddrinfo ENOTFOUND ep-spring-cherry-ay2fxjdj.c-5.us-east-2.aws.neon.tech {"name":"SequelizeHostNotFoundError","parent":{"errno":-3008,"code":"ENOTFOUND","syscall":"getaddrinfo","hostname":"ep-spring-cherry-ay2fxjdj.c-5.us-east-2.aws.neon.tech"},"original":{"errno":-3008,"code":"ENOTFOUND","syscall":"getaddrinfo","hostname":"ep-spring-cherry-ay2fxjdj.c-5.us-east-2.aws.neon.tech"}}
SequelizeHostNotFoundError: getaddrinfo ENOTFOUND ep-spring-cherry-ay2fxjdj.c-5.us-east-2.aws.neon.tech
    at Client._connectionCallback (C:\Users\Sakshi\OneDrive\Desktop\ERP_application\backend\node_modules\sequelize\lib\dialects\postgres\connection-manager.js:136:24)
    at Client._handleErrorWhileConnecting (C:\Users\Sakshi\OneDrive\Desktop\ERP_application\backend\node_modules\pg\lib\client.js:403:19)
    at Client._handleErrorEvent (C:\Users\Sakshi\OneDrive\Desktop\ERP_application\backend\node_modules\pg\lib\client.js:413:19)
    at Connection.emit (node:events:508:28)
    at Socket.reportStreamError (C:\Users\Sakshi\OneDrive\Desktop\ERP_application\backend\node_modules\pg\lib\connection.js:58:12)
    at Socket.emit (node:events:508:28)
    at emitErrorNT (node:internal/streams/destroy:170:8)
    at emitErrorCloseNT (node:internal/streams/destroy:129:3)
    at process.processTicksAndRejections (node:internal/process/task_queues:89:21)
2026-08-12 14:18:36 [ERROR] Unable to start server: getaddrinfo ENOTFOUND ep-spring-cherry-ay2fxjdj-pooler.c-5.us-east-2.aws.neon.tech {"name":"SequelizeHostNotFoundError","parent":{"errno":-3008,"code":"ENOTFOUND","syscall":"getaddrinfo","hostname":"ep-spring-cherry-ay2fxjdj-pooler.c-5.us-east-2.aws.neon.tech"},"original":{"errno":-3008,"code":"ENOTFOUND","syscall":"getaddrinfo","hostname":"ep-spring-cherry-ay2fxjdj-pooler.c-5.us-east-2.aws.neon.tech"}}
SequelizeHostNotFoundError: getaddrinfo ENOTFOUND ep-spring-cherry-ay2fxjdj-pooler.c-5.us-east-2.aws.neon.tech
    at Client._connectionCallback (C:\Users\Sakshi\OneDrive\Desktop\ERP_application\backend\node_modules\sequelize\lib\dialects\postgres\connection-manager.js:136:24)
    at Client._handleErrorWhileConnecting (C:\Users\Sakshi\OneDrive\Desktop\ERP_application\backend\node_modules\pg\lib\client.js:403:19)
    at Client._handleErrorEvent (C:\Users\Sakshi\OneDrive\Desktop\ERP_application\backend\node_modules\pg\lib\client.js:413:19)
    at Connection.emit (node:events:508:28)
    at Socket.reportStreamError (C:\Users\Sakshi\OneDrive\Desktop\ERP_application\backend\node_modules\pg\lib\connection.js:58:12)
    at Socket.emit (node:events:508:28)
    at emitErrorNT (node:internal/streams/destroy:170:8)
    at emitErrorCloseNT (node:internal/streams/destroy:129:3)
    at process.processTicksAndRejections (node:internal/process/task_queues:89:21)
2026-08-12 15:22:56 [ERROR] Unable to start server: getaddrinfo ENOTFOUND ep-spring-cherry-ay2fxjdj-pooler.c-5.us-east-2.aws.neon.tech {"name":"SequelizeHostNotFoundError","parent":{"errno":-3008,"code":"ENOTFOUND","syscall":"getaddrinfo","hostname":"ep-spring-cherry-ay2fxjdj-pooler.c-5.us-east-2.aws.neon.tech"},"original":{"errno":-3008,"code":"ENOTFOUND","syscall":"getaddrinfo","hostname":"ep-spring-cherry-ay2fxjdj-pooler.c-5.us-east-2.aws.neon.tech"}}
SequelizeHostNotFoundError: getaddrinfo ENOTFOUND ep-spring-cherry-ay2fxjdj-pooler.c-5.us-east-2.aws.neon.tech
    at Client._connectionCallback (C:\Users\Sakshi\OneDrive\Desktop\ERP_application\backend\node_modules\sequelize\lib\dialects\postgres\connection-manager.js:136:24)
    at Client._handleErrorWhileConnecting (C:\Users\Sakshi\OneDrive\Desktop\ERP_application\backend\node_modules\pg\lib\client.js:403:19)
    at Client._handleErrorEvent (C:\Users\Sakshi\OneDrive\Desktop\ERP_application\backend\node_modules\pg\lib\client.js:413:19)
    at Connection.emit (node:events:508:28)
    at Socket.reportStreamError (C:\Users\Sakshi\OneDrive\Desktop\ERP_application\backend\node_modules\pg\lib\connection.js:58:12)
    at Socket.emit (node:events:508:28)
    at emitErrorNT (node:internal/streams/destroy:170:8)
    at emitErrorCloseNT (node:internal/streams/destroy:129:3)
    at process.processTicksAndRejections (node:internal/process/task_queues:89:21)
